// Jest Snapshot v1, https://goo.gl/fbAQLP

exports[`Header component On mount should render correctly 1`] = `
ShallowWrapper {
  Symbol(enzyme.__root__): [Circular],
  Symbol(enzyme.__unrendered__): <Header />,
  Symbol(enzyme.__renderer__): Object {
    "batchedUpdates": [Function],
    "getNode": [Function],
    "render": [Function],
    "simulateError": [Function],
    "simulateEvent": [Function],
    "unmount": [Function],
  },
  Symbol(enzyme.__node__): Object {
    "instance": null,
    "key": undefined,
    "nodeType": "host",
    "props": Object {
      "children": Array [
        <div
          className="header__menu"
        >
          <div
            className="header__menu__title"
          >
            Start Bootstrap Menu
          </div>
          <i
            className="fas fa-bars header__menu__bars"
          />
        </div>,
        <div
          className="header__widgets"
        >
          <Header
            classNameComponent="header__widgets__search"
          />
          <button
            onClick={[Function]}
            type="button"
          >
            <i
              className="fa fa-bell"
            />
          </button>
          <button
            onClick={[Function]}
            type="button"
          >
            <i
              className="fas fa-envelope"
            />
          </button>
          <button
            onClick={[Function]}
            type="button"
          >
            <i
              className="fas fa-user"
            />
          </button>
        </div>,
      ],
      "className": "header",
    },
    "ref": null,
    "rendered": Array [
      Object {
        "instance": null,
        "key": undefined,
        "nodeType": "host",
        "props": Object {
          "children": Array [
            <div
              className="header__menu__title"
            >
              Start Bootstrap Menu
            </div>,
            <i
              className="fas fa-bars header__menu__bars"
            />,
          ],
          "className": "header__menu",
        },
        "ref": null,
        "rendered": Array [
          Object {
            "instance": null,
            "key": undefined,
            "nodeType": "host",
            "props": Object {
              "children": "Start Bootstrap Menu",
              "className": "header__menu__title",
            },
            "ref": null,
            "rendered": "Start Bootstrap Menu",
            "type": "div",
          },
          Object {
            "instance": null,
            "key": undefined,
            "nodeType": "host",
            "props": Object {
              "className": "fas fa-bars header__menu__bars",
            },
            "ref": null,
            "rendered": null,
            "type": "i",
          },
        ],
        "type": "div",
      },
      Object {
        "instance": null,
        "key": undefined,
        "nodeType": "host",
        "props": Object {
          "children": Array [
            <Header
              classNameComponent="header__widgets__search"
            />,
            <button
              onClick={[Function]}
              type="button"
            >
              <i
                className="fa fa-bell"
              />
            </button>,
            <button
              onClick={[Function]}
              type="button"
            >
              <i
                className="fas fa-envelope"
              />
            </button>,
            <button
              onClick={[Function]}
              type="button"
            >
              <i
                className="fas fa-user"
              />
            </button>,
          ],
          "className": "header__widgets",
        },
        "ref": null,
        "rendered": Array [
          Object {
            "instance": null,
            "key": undefined,
            "nodeType": "class",
            "props": Object {
              "classNameComponent": "header__widgets__search",
            },
            "ref": null,
            "rendered": null,
            "type": [Function],
          },
          Object {
            "instance": null,
            "key": undefined,
            "nodeType": "host",
            "props": Object {
              "children": <i
                className="fa fa-bell"
              />,
              "onClick": [Function],
              "type": "button",
            },
            "ref": null,
            "rendered": Object {
              "instance": null,
              "key": undefined,
              "nodeType": "host",
              "props": Object {
                "className": "fa fa-bell",
              },
              "ref": null,
              "rendered": null,
              "type": "i",
            },
            "type": "button",
          },
          Object {
            "instance": null,
            "key": undefined,
            "nodeType": "host",
            "props": Object {
              "children": <i
                className="fas fa-envelope"
              />,
              "onClick": [Function],
              "type": "button",
            },
            "ref": null,
            "rendered": Object {
              "instance": null,
              "key": undefined,
              "nodeType": "host",
              "props": Object {
                "className": "fas fa-envelope",
              },
              "ref": null,
              "rendered": null,
              "type": "i",
            },
            "type": "button",
          },
          Object {
            "instance": null,
            "key": undefined,
            "nodeType": "host",
            "props": Object {
              "children": <i
                className="fas fa-user"
              />,
              "onClick": [Function],
              "type": "button",
            },
            "ref": null,
            "rendered": Object {
              "instance": null,
              "key": undefined,
              "nodeType": "host",
              "props": Object {
                "className": "fas fa-user",
              },
              "ref": null,
              "rendered": null,
              "type": "i",
            },
            "type": "button",
          },
        ],
        "type": "div",
      },
    ],
    "type": "div",
  },
  Symbol(enzyme.__nodes__): Array [
    Object {
      "instance": null,
      "key": undefined,
      "nodeType": "host",
      "props": Object {
        "children": Array [
          <div
            className="header__menu"
          >
            <div
              className="header__menu__title"
            >
              Start Bootstrap Menu
            </div>
            <i
              className="fas fa-bars header__menu__bars"
            />
          </div>,
          <div
            className="header__widgets"
          >
            <Header
              classNameComponent="header__widgets__search"
            />
            <button
              onClick={[Function]}
              type="button"
            >
              <i
                className="fa fa-bell"
              />
            </button>
            <button
              onClick={[Function]}
              type="button"
            >
              <i
                className="fas fa-envelope"
              />
            </button>
            <button
              onClick={[Function]}
              type="button"
            >
              <i
                className="fas fa-user"
              />
            </button>
          </div>,
        ],
        "className": "header",
      },
      "ref": null,
      "rendered": Array [
        Object {
          "instance": null,
          "key": undefined,
          "nodeType": "host",
          "props": Object {
            "children": Array [
              <div
                className="header__menu__title"
              >
                Start Bootstrap Menu
              </div>,
              <i
                className="fas fa-bars header__menu__bars"
              />,
            ],
            "className": "header__menu",
          },
          "ref": null,
          "rendered": Array [
            Object {
              "instance": null,
              "key": undefined,
              "nodeType": "host",
              "props": Object {
                "children": "Start Bootstrap Menu",
                "className": "header__menu__title",
              },
              "ref": null,
              "rendered": "Start Bootstrap Menu",
              "type": "div",
            },
            Object {
              "instance": null,
              "key": undefined,
              "nodeType": "host",
              "props": Object {
                "className": "fas fa-bars header__menu__bars",
              },
              "ref": null,
              "rendered": null,
              "type": "i",
            },
          ],
          "type": "div",
        },
        Object {
          "instance": null,
          "key": undefined,
          "nodeType": "host",
          "props": Object {
            "children": Array [
              <Header
                classNameComponent="header__widgets__search"
              />,
              <button
                onClick={[Function]}
                type="button"
              >
                <i
                  className="fa fa-bell"
                />
              </button>,
              <button
                onClick={[Function]}
                type="button"
              >
                <i
                  className="fas fa-envelope"
                />
              </button>,
              <button
                onClick={[Function]}
                type="button"
              >
                <i
                  className="fas fa-user"
                />
              </button>,
            ],
            "className": "header__widgets",
          },
          "ref": null,
          "rendered": Array [
            Object {
              "instance": null,
              "key": undefined,
              "nodeType": "class",
              "props": Object {
                "classNameComponent": "header__widgets__search",
              },
              "ref": null,
              "rendered": null,
              "type": [Function],
            },
            Object {
              "instance": null,
              "key": undefined,
              "nodeType": "host",
              "props": Object {
                "children": <i
                  className="fa fa-bell"
                />,
                "onClick": [Function],
                "type": "button",
              },
              "ref": null,
              "rendered": Object {
                "instance": null,
                "key": undefined,
                "nodeType": "host",
                "props": Object {
                  "className": "fa fa-bell",
                },
                "ref": null,
                "rendered": null,
                "type": "i",
              },
              "type": "button",
            },
            Object {
              "instance": null,
              "key": undefined,
              "nodeType": "host",
              "props": Object {
                "children": <i
                  className="fas fa-envelope"
                />,
                "onClick": [Function],
                "type": "button",
              },
              "ref": null,
              "rendered": Object {
                "instance": null,
                "key": undefined,
                "nodeType": "host",
                "props": Object {
                  "className": "fas fa-envelope",
                },
                "ref": null,
                "rendered": null,
                "type": "i",
              },
              "type": "button",
            },
            Object {
              "instance": null,
              "key": undefined,
              "nodeType": "host",
              "props": Object {
                "children": <i
                  className="fas fa-user"
                />,
                "onClick": [Function],
                "type": "button",
              },
              "ref": null,
              "rendered": Object {
                "instance": null,
                "key": undefined,
                "nodeType": "host",
                "props": Object {
                  "className": "fas fa-user",
                },
                "ref": null,
                "rendered": null,
                "type": "i",
              },
              "type": "button",
            },
          ],
          "type": "div",
        },
      ],
      "type": "div",
    },
  ],
  Symbol(enzyme.__options__): Object {
    "adapter": ReactSixteenAdapter {
      "options": Object {
        "enableComponentDidUpdateOnSetState": true,
        "lifecycles": Object {
          "componentDidUpdate": Object {
            "onSetState": true,
          },
          "getDerivedStateFromProps": true,
          "getSnapshotBeforeUpdate": true,
          "setState": Object {
            "skipsComponentDidUpdateOnNullish": true,
          },
        },
      },
    },
  },
}
`;
