// Jest Snapshot v1, https://goo.gl/fbAQLP

exports[`SearchInput component On mount should render correctly 1`] = `
ShallowWrapper {
  Symbol(enzyme.__root__): [Circular],
  Symbol(enzyme.__unrendered__): <Header
    classNameComponent="header__widgets__search"
  />,
  Symbol(enzyme.__renderer__): Object {
    "batchedUpdates": [Function],
    "getNode": [Function],
    "render": [Function],
    "simulateError": [Function],
    "simulateEvent": [Function],
    "unmount": [Function],
  },
  Symbol(enzyme.__node__): Object {
    "instance": null,
    "key": undefined,
    "nodeType": "host",
    "props": Object {
      "children": Array [
        <Autosuggest
          alwaysRenderSuggestions={false}
          focusInputOnSuggestionClick={true}
          getSuggestionValue={[Function]}
          highlightFirstSuggestion={false}
          id="1"
          inputProps={
            Object {
              "className": "search__input",
              "name": "autocomplete",
              "onBlur": [Function],
              "onChange": [Function],
              "onFocus": [Function],
              "placeholder": "Type a Job",
              "value": "",
            }
          }
          multiSection={false}
          onSuggestionsClearRequested={[Function]}
          onSuggestionsFetchRequested={[Function]}
          renderSuggestion={[Function]}
          renderSuggestionsContainer={[Function]}
          shouldRenderSuggestions={[Function]}
          suggestions={Array []}
          theme={
            Object {
              "container": "react-autosuggest__container",
              "containerOpen": "react-autosuggest__container--open",
              "input": "react-autosuggest__input",
              "inputFocused": "react-autosuggest__input--focused",
              "inputOpen": "react-autosuggest__input--open",
              "sectionContainer": "react-autosuggest__section-container",
              "sectionContainerFirst": "react-autosuggest__section-container--first",
              "sectionTitle": "react-autosuggest__section-title",
              "suggestion": "react-autosuggest__suggestion",
              "suggestionFirst": "react-autosuggest__suggestion--first",
              "suggestionHighlighted": "react-autosuggest__suggestion--highlighted",
              "suggestionsContainer": "react-autosuggest__suggestions-container",
              "suggestionsContainerOpen": "react-autosuggest__suggestions-container--open",
              "suggestionsList": "react-autosuggest__suggestions-list",
            }
          }
        />,
        <button
          type="submit"
        >
          <i
            className="fas fa-search"
          />
        </button>,
      ],
      "className": "search header__widgets__search",
      "onSubmit": [Function],
    },
    "ref": null,
    "rendered": Array [
      Object {
        "instance": null,
        "key": undefined,
        "nodeType": "class",
        "props": Object {
          "alwaysRenderSuggestions": false,
          "focusInputOnSuggestionClick": true,
          "getSuggestionValue": [Function],
          "highlightFirstSuggestion": false,
          "id": "1",
          "inputProps": Object {
            "className": "search__input",
            "name": "autocomplete",
            "onBlur": [Function],
            "onChange": [Function],
            "onFocus": [Function],
            "placeholder": "Type a Job",
            "value": "",
          },
          "multiSection": false,
          "onSuggestionsClearRequested": [Function],
          "onSuggestionsFetchRequested": [Function],
          "renderSuggestion": [Function],
          "renderSuggestionsContainer": [Function],
          "shouldRenderSuggestions": [Function],
          "suggestions": Array [],
          "theme": Object {
            "container": "react-autosuggest__container",
            "containerOpen": "react-autosuggest__container--open",
            "input": "react-autosuggest__input",
            "inputFocused": "react-autosuggest__input--focused",
            "inputOpen": "react-autosuggest__input--open",
            "sectionContainer": "react-autosuggest__section-container",
            "sectionContainerFirst": "react-autosuggest__section-container--first",
            "sectionTitle": "react-autosuggest__section-title",
            "suggestion": "react-autosuggest__suggestion",
            "suggestionFirst": "react-autosuggest__suggestion--first",
            "suggestionHighlighted": "react-autosuggest__suggestion--highlighted",
            "suggestionsContainer": "react-autosuggest__suggestions-container",
            "suggestionsContainerOpen": "react-autosuggest__suggestions-container--open",
            "suggestionsList": "react-autosuggest__suggestions-list",
          },
        },
        "ref": null,
        "rendered": null,
        "type": [Function],
      },
      Object {
        "instance": null,
        "key": undefined,
        "nodeType": "host",
        "props": Object {
          "children": <i
            className="fas fa-search"
          />,
          "type": "submit",
        },
        "ref": null,
        "rendered": Object {
          "instance": null,
          "key": undefined,
          "nodeType": "host",
          "props": Object {
            "className": "fas fa-search",
          },
          "ref": null,
          "rendered": null,
          "type": "i",
        },
        "type": "button",
      },
    ],
    "type": "form",
  },
  Symbol(enzyme.__nodes__): Array [
    Object {
      "instance": null,
      "key": undefined,
      "nodeType": "host",
      "props": Object {
        "children": Array [
          <Autosuggest
            alwaysRenderSuggestions={false}
            focusInputOnSuggestionClick={true}
            getSuggestionValue={[Function]}
            highlightFirstSuggestion={false}
            id="1"
            inputProps={
              Object {
                "className": "search__input",
                "name": "autocomplete",
                "onBlur": [Function],
                "onChange": [Function],
                "onFocus": [Function],
                "placeholder": "Type a Job",
                "value": "",
              }
            }
            multiSection={false}
            onSuggestionsClearRequested={[Function]}
            onSuggestionsFetchRequested={[Function]}
            renderSuggestion={[Function]}
            renderSuggestionsContainer={[Function]}
            shouldRenderSuggestions={[Function]}
            suggestions={Array []}
            theme={
              Object {
                "container": "react-autosuggest__container",
                "containerOpen": "react-autosuggest__container--open",
                "input": "react-autosuggest__input",
                "inputFocused": "react-autosuggest__input--focused",
                "inputOpen": "react-autosuggest__input--open",
                "sectionContainer": "react-autosuggest__section-container",
                "sectionContainerFirst": "react-autosuggest__section-container--first",
                "sectionTitle": "react-autosuggest__section-title",
                "suggestion": "react-autosuggest__suggestion",
                "suggestionFirst": "react-autosuggest__suggestion--first",
                "suggestionHighlighted": "react-autosuggest__suggestion--highlighted",
                "suggestionsContainer": "react-autosuggest__suggestions-container",
                "suggestionsContainerOpen": "react-autosuggest__suggestions-container--open",
                "suggestionsList": "react-autosuggest__suggestions-list",
              }
            }
          />,
          <button
            type="submit"
          >
            <i
              className="fas fa-search"
            />
          </button>,
        ],
        "className": "search header__widgets__search",
        "onSubmit": [Function],
      },
      "ref": null,
      "rendered": Array [
        Object {
          "instance": null,
          "key": undefined,
          "nodeType": "class",
          "props": Object {
            "alwaysRenderSuggestions": false,
            "focusInputOnSuggestionClick": true,
            "getSuggestionValue": [Function],
            "highlightFirstSuggestion": false,
            "id": "1",
            "inputProps": Object {
              "className": "search__input",
              "name": "autocomplete",
              "onBlur": [Function],
              "onChange": [Function],
              "onFocus": [Function],
              "placeholder": "Type a Job",
              "value": "",
            },
            "multiSection": false,
            "onSuggestionsClearRequested": [Function],
            "onSuggestionsFetchRequested": [Function],
            "renderSuggestion": [Function],
            "renderSuggestionsContainer": [Function],
            "shouldRenderSuggestions": [Function],
            "suggestions": Array [],
            "theme": Object {
              "container": "react-autosuggest__container",
              "containerOpen": "react-autosuggest__container--open",
              "input": "react-autosuggest__input",
              "inputFocused": "react-autosuggest__input--focused",
              "inputOpen": "react-autosuggest__input--open",
              "sectionContainer": "react-autosuggest__section-container",
              "sectionContainerFirst": "react-autosuggest__section-container--first",
              "sectionTitle": "react-autosuggest__section-title",
              "suggestion": "react-autosuggest__suggestion",
              "suggestionFirst": "react-autosuggest__suggestion--first",
              "suggestionHighlighted": "react-autosuggest__suggestion--highlighted",
              "suggestionsContainer": "react-autosuggest__suggestions-container",
              "suggestionsContainerOpen": "react-autosuggest__suggestions-container--open",
              "suggestionsList": "react-autosuggest__suggestions-list",
            },
          },
          "ref": null,
          "rendered": null,
          "type": [Function],
        },
        Object {
          "instance": null,
          "key": undefined,
          "nodeType": "host",
          "props": Object {
            "children": <i
              className="fas fa-search"
            />,
            "type": "submit",
          },
          "ref": null,
          "rendered": Object {
            "instance": null,
            "key": undefined,
            "nodeType": "host",
            "props": Object {
              "className": "fas fa-search",
            },
            "ref": null,
            "rendered": null,
            "type": "i",
          },
          "type": "button",
        },
      ],
      "type": "form",
    },
  ],
  Symbol(enzyme.__options__): Object {
    "adapter": ReactSixteenAdapter {
      "options": Object {
        "enableComponentDidUpdateOnSetState": true,
        "lifecycles": Object {
          "componentDidUpdate": Object {
            "onSetState": true,
          },
          "getDerivedStateFromProps": true,
          "getSnapshotBeforeUpdate": true,
          "setState": Object {
            "skipsComponentDidUpdateOnNullish": true,
          },
        },
      },
    },
  },
}
`;
